../Core/Src/main.c:84:5:main	72	static
../Core/Src/main.c:144:6:SystemClock_Config	88	static
../Core/Src/main.c:191:13:MX_TIM3_Init	64	static
../Core/Src/main.c:254:13:MX_TIM4_Init	32	static
../Core/Src/main.c:299:13:MX_USART2_UART_Init	8	static
../Core/Src/main.c:332:13:MX_GPIO_Init	48	static
../Core/Src/main.c:381:6:pwmSweep	16	static
../Core/Src/main.c:439:6:pwmConsole	16	static
../Core/Src/main.c:477:6:doActionPwm	8	static
../Core/Src/main.c:501:6:doAction	8	static
../Core/Src/main.c:530:6:Error_Handler	4	static,ignoring_inline_asm
