../Core/Src/main.c:84:5:main	72	static
../Core/Src/main.c:144:6:SystemClock_Config	88	static
../Core/Src/main.c:191:13:MX_TIM3_Init	48	static
../Core/Src/main.c:244:13:MX_TIM4_Init	32	static
../Core/Src/main.c:289:13:MX_USART2_UART_Init	8	static
../Core/Src/main.c:322:13:MX_GPIO_Init	48	static
../Core/Src/main.c:371:6:pwmSweep	16	static
../Core/Src/main.c:426:6:pwmConsole	16	static
../Core/Src/main.c:464:6:doActionPwm	8	static
../Core/Src/main.c:488:6:doAction	8	static
../Core/Src/main.c:517:6:Error_Handler	4	static,ignoring_inline_asm
