../Drivers/STM32F4xx_HAL_Driver/Inc/stm32f4xx_ll_gpio.h:273:22:LL_GPIO_SetPinMode	40	static,ignoring_inline_asm
../Drivers/STM32F4xx_HAL_Driver/Inc/stm32f4xx_ll_gpio.h:413:22:LL_GPIO_SetPinSpeed	40	static,ignoring_inline_asm
../Drivers/STM32F4xx_HAL_Driver/Inc/stm32f4xx_ll_gpio.h:484:22:LL_GPIO_SetPinPull	40	static,ignoring_inline_asm
../Drivers/STM32F4xx_HAL_Driver/Inc/stm32f4xx_ll_gpio.h:910:22:LL_GPIO_ResetOutputPin	16	static
../Drivers/STM32F4xx_HAL_Driver/Inc/stm32f4xx_ll_gpio.h:939:22:LL_GPIO_TogglePin	24	static
../Core/Src/main.c:65:5:main	16	static
../Core/Src/main.c:92:6:SystemClock_Config	88	static
../Core/Src/main.c:139:13:MX_USART2_UART_Init	8	static
../Core/Src/main.c:172:13:MX_GPIO_Init	48	static
../Core/Src/main.c:213:6:Error_Handler	4	static,ignoring_inline_asm
